==============================================
Atlantis pipeline — Tue Mar 17 02:46:30 UTC 2026
  Tile:     AUTO (batch mode)
  Job ID:   1591_2
  Node:     eureka2
  Project:  /home/clg_98da5933b7a1/project-atlantis
  Workdir:  /tmp/atlantis_1591_2
  Batch sz: 1
==============================================
Activated venv: /home/clg_98da5933b7a1/venv_cdse/bin/python
[run] git add -A
[run] git stash
Saved working directory and index state WIP on main: 54bca35 Results: worker slurm-1591_1 @ 2026-03-17T02:46:22Z
[run] git pull --rebase
[run] git stash pop
On branch main
Your branch is up to date with 'origin/main'.

Changes to be committed:
  (use "git restore --staged <file>..." to unstage)
	modified:   logs/.nfs000000000000e2f9000017fe
	modified:   logs/.nfs000000000000e8ac000017fc
	modified:   logs/.nfs000000000000e8ad000017fb

Changes not staged for commit:
  (use "git add <file>..." to update what will be committed)
  (use "git restore <file>..." to discard changes in working directory)
	modified:   logs/.nfs000000000000e2f9000017fe
	modified:   logs/.nfs000000000000e2fa000017fd

The stash entry is kept in case you need it again.
[run] git add results/ processed_tiles.jsonl claimed_tiles.jsonl logs/
[run] git commit -m Results: worker slurm-1591_2 @ 2026-03-17T02:46:30Z
[main 43814cb] Results: worker slurm-1591_2 @ 2026-03-17T02:46:30Z
 5 files changed, 69 insertions(+)
[push] Success.

============================================================
[tile] tile_29.5000_25.5000  bbox=[29.5, 25.5, 29.55001125024839, 25.545045045045047]  500x500px
[tile] Working in: /tmp/atlantis_1591_2/atlantis_slurm-1591_2/tile_29.5000_25.5000
============================================================

[run] /home/clg_98da5933b7a1/venv_cdse/bin/python /home/clg_98da5933b7a1/project-atlantis/scripts/fetch_s1_tile.py tile_29.5000_25.5000 --bbox 29.5 25.5 29.55001125024839 25.545045045045047 --data-dir /tmp/atlantis_1591_2/atlantis_slurm-1591_2 --size 500
Fetching 12 images for tile_29.5000_25.5000 at 500x500 px
Bbox: [29.5, 25.5, 29.55001125024839, 25.545045045045047]
Token obtained.
  [1/12] 2019-01-01 to 2019-01-15 ... OK (1.8 MB)
  [2/12] 2019-09-01 to 2019-09-15 ... OK (1.8 MB)
  [3/12] 2020-05-01 to 2020-05-15 ... OK (1.8 MB)
  [4/12] 2020-12-30 to 2021-01-13 ... OK (1.8 MB)
  [5/12] 2021-08-30 to 2021-09-13 ... OK (1.8 MB)
  [6/12] 2022-04-30 to 2022-05-14 ... OK (0.0 MB)
  [7/12] 2022-12-29 to 2023-01-12 ... OK (0.0 MB)
  [8/12] 2023-08-29 to 2023-09-12 ... OK (0.0 MB)
  [9/12] 2024-04-28 to 2024-05-12 ... OK (0.0 MB)
  [10/12] 2024-12-27 to 2025-01-10 ... OK (0.0 MB)
  [11/12] 2025-08-27 to 2025-09-10 ... OK (1.8 MB)
  [12/12] 2026-04-27 to 2026-05-11 ... OK (0.0 MB)
Done. 12 images saved to /tmp/atlantis_1591_2/atlantis_slurm-1591_2/tile_29.5000_25.5000/raw
[fetch] 12 images downloaded
[run] /home/clg_98da5933b7a1/venv_cdse/bin/python /home/clg_98da5933b7a1/project-atlantis/scripts/build_stack.py -o /tmp/atlantis_1591_2/atlantis_slurm-1591_2/tile_29.5000_25.5000/stack.tif /tmp/atlantis_1591_2/atlantis_slurm-1591_2/tile_29.5000_25.5000/raw/s1_2019-01-01_to_2019-01-15.tif /tmp/atlantis_1591_2/atlantis_slurm-1591_2/tile_29.5000_25.5000/raw/s1_2019-09-01_to_2019-09-15.tif /tmp/atlantis_1591_2/atlantis_slurm-1591_2/tile_29.5000_25.5000/raw/s1_2020-05-01_to_2020-05-15.tif /tmp/atlantis_1591_2/atlantis_slurm-1591_2/tile_29.5000_25.5000/raw/s1_2020-12-30_to_2021-01-13.tif /tmp/atlantis_1591_2/atlantis_slurm-1591_2/tile_29.5000_25.5000/raw/s1_2021-08-30_to_2021-09-13.tif /tmp/atlantis_1591_2/atlantis_slurm-1591_2/tile_29.5000_25.5000/raw/s1_2022-04-30_to_2022-05-14.tif /tmp/atlantis_1591_2/atlantis_slurm-1591_2/tile_29.5000_25.5000/raw/s1_2022-12-29_to_2023-01-12.tif /tmp/atlantis_1591_2/atlantis_slurm-1591_2/tile_29.5000_25.5000/raw/s1_2023-08-29_to_2023-09-12.tif /tmp/atlantis_1591_2/atlantis_slurm-1591_2/tile_29.5000_25.5000/raw/s1_2024-04-28_to_2024-05-12.tif /tmp/atlantis_1591_2/atlantis_slurm-1591_2/tile_29.5000_25.5000/raw/s1_2024-12-27_to_2025-01-10.tif /tmp/atlantis_1591_2/atlantis_slurm-1591_2/tile_29.5000_25.5000/raw/s1_2025-08-27_to_2025-09-10.tif /tmp/atlantis_1591_2/atlantis_slurm-1591_2/tile_29.5000_25.5000/raw/s1_2026-04-27_to_2026-05-11.tif
Wrote /tmp/atlantis_1591_2/atlantis_slurm-1591_2/tile_29.5000_25.5000/stack.tif
[run] /home/clg_98da5933b7a1/venv_cdse/bin/python /home/clg_98da5933b7a1/project-atlantis/scripts/run_scan_type.py /tmp/atlantis_1591_2/atlantis_slurm-1591_2/tile_29.5000_25.5000/stack.tif temporal_variance_99 /tmp/atlantis_1591_2/atlantis_slurm-1591_2/tile_29.5000_25.5000/temporal_variance_99 tile_29.5000_25.5000
Wrote /tmp/atlantis_1591_2/atlantis_slurm-1591_2/tile_29.5000_25.5000/temporal_variance_99/anomaly.tif
Wrote /tmp/atlantis_1591_2/atlantis_slurm-1591_2/tile_29.5000_25.5000/temporal_variance_99/candidates.csv (0 candidates)
Wrote /tmp/atlantis_1591_2/atlantis_slurm-1591_2/tile_29.5000_25.5000/temporal_variance_99/candidates.geojson
Wrote /tmp/atlantis_1591_2/atlantis_slurm-1591_2/tile_29.5000_25.5000/temporal_variance_99/metadata.json
[scan] temporal_variance_99: 0 candidates
[run] /home/clg_98da5933b7a1/venv_cdse/bin/python /home/clg_98da5933b7a1/project-atlantis/scripts/run_scan_type.py /tmp/atlantis_1591_2/atlantis_slurm-1591_2/tile_29.5000_25.5000/stack.tif temporal_variance_999 /tmp/atlantis_1591_2/atlantis_slurm-1591_2/tile_29.5000_25.5000/temporal_variance_999 tile_29.5000_25.5000
Wrote /tmp/atlantis_1591_2/atlantis_slurm-1591_2/tile_29.5000_25.5000/temporal_variance_999/anomaly.tif
Wrote /tmp/atlantis_1591_2/atlantis_slurm-1591_2/tile_29.5000_25.5000/temporal_variance_999/candidates.csv (0 candidates)
Wrote /tmp/atlantis_1591_2/atlantis_slurm-1591_2/tile_29.5000_25.5000/temporal_variance_999/candidates.geojson
Wrote /tmp/atlantis_1591_2/atlantis_slurm-1591_2/tile_29.5000_25.5000/temporal_variance_999/metadata.json
[scan] temporal_variance_999: 0 candidates
[run] /home/clg_98da5933b7a1/venv_cdse/bin/python /home/clg_98da5933b7a1/project-atlantis/scripts/run_scan_type.py /tmp/atlantis_1591_2/atlantis_slurm-1591_2/tile_29.5000_25.5000/stack.tif temporal_cv /tmp/atlantis_1591_2/atlantis_slurm-1591_2/tile_29.5000_25.5000/temporal_cv tile_29.5000_25.5000
  temporal_cv: 0 candidates (threshold=0.000000e+00)
[scan] temporal_cv: 0 candidates
[run] /home/clg_98da5933b7a1/venv_cdse/bin/python /home/clg_98da5933b7a1/project-atlantis/scripts/run_scan_type.py /tmp/atlantis_1591_2/atlantis_slurm-1591_2/tile_29.5000_25.5000/stack.tif temporal_mad /tmp/atlantis_1591_2/atlantis_slurm-1591_2/tile_29.5000_25.5000/temporal_mad tile_29.5000_25.5000
  temporal_mad: 0 candidates (threshold=0.000000e+00)
[scan] temporal_mad: 0 candidates
[run] /home/clg_98da5933b7a1/venv_cdse/bin/python /home/clg_98da5933b7a1/project-atlantis/scripts/run_scan_type.py /tmp/atlantis_1591_2/atlantis_slurm-1591_2/tile_29.5000_25.5000/stack.tif seasonal_difference /tmp/atlantis_1591_2/atlantis_slurm-1591_2/tile_29.5000_25.5000/seasonal_difference tile_29.5000_25.5000
  seasonal_difference: 0 candidates (threshold=0.000000e+00)
[scan] seasonal_difference: 0 candidates
[run] /home/clg_98da5933b7a1/venv_cdse/bin/python /home/clg_98da5933b7a1/project-atlantis/scripts/run_scan_type.py /tmp/atlantis_1591_2/atlantis_slurm-1591_2/tile_29.5000_25.5000/stack.tif crosspol_ratio /tmp/atlantis_1591_2/atlantis_slurm-1591_2/tile_29.5000_25.5000/crosspol_ratio tile_29.5000_25.5000
  crosspol_ratio: 0 candidates (threshold=0.000000e+00)
[scan] crosspol_ratio: 0 candidates
[run] /home/clg_98da5933b7a1/venv_cdse/bin/python /home/clg_98da5933b7a1/project-atlantis/scripts/run_scan_type.py /tmp/atlantis_1591_2/atlantis_slurm-1591_2/tile_29.5000_25.5000/stack.tif crosspol_ratio_variance /tmp/atlantis_1591_2/atlantis_slurm-1591_2/tile_29.5000_25.5000/crosspol_ratio_variance tile_29.5000_25.5000
  crosspol_ratio_variance: 0 candidates (threshold=0.000000e+00)
[scan] crosspol_ratio_variance: 0 candidates
[run] /home/clg_98da5933b7a1/venv_cdse/bin/python /home/clg_98da5933b7a1/project-atlantis/scripts/run_scan_type.py /tmp/atlantis_1591_2/atlantis_slurm-1591_2/tile_29.5000_25.5000/stack.tif texture_glcm /tmp/atlantis_1591_2/atlantis_slurm-1591_2/tile_29.5000_25.5000/texture_glcm tile_29.5000_25.5000
  texture_glcm: 0 candidates (threshold=0.000000e+00)
[scan] texture_glcm: 0 candidates
[run] /home/clg_98da5933b7a1/venv_cdse/bin/python /home/clg_98da5933b7a1/project-atlantis/scripts/run_scan_type.py /tmp/atlantis_1591_2/atlantis_slurm-1591_2/tile_29.5000_25.5000/stack.tif edge_detection /tmp/atlantis_1591_2/atlantis_slurm-1591_2/tile_29.5000_25.5000/edge_detection tile_29.5000_25.5000
  edge_detection: 0 candidates (threshold=0.000000e+00)
[scan] edge_detection: 0 candidates
[run] /home/clg_98da5933b7a1/venv_cdse/bin/python /home/clg_98da5933b7a1/project-atlantis/scripts/run_scan_type.py /tmp/atlantis_1591_2/atlantis_slurm-1591_2/tile_29.5000_25.5000/stack.tif spatial_autocorrelation /tmp/atlantis_1591_2/atlantis_slurm-1591_2/tile_29.5000_25.5000/spatial_autocorrelation tile_29.5000_25.5000
  spatial_autocorrelation: 0 candidates (threshold=0.000000e+00)
[scan] spatial_autocorrelation: 0 candidates
[run] /home/clg_98da5933b7a1/venv_cdse/bin/python /home/clg_98da5933b7a1/project-atlantis/scripts/run_scan_type.py /tmp/atlantis_1591_2/atlantis_slurm-1591_2/tile_29.5000_25.5000/stack.tif multitemporal_change /tmp/atlantis_1591_2/atlantis_slurm-1591_2/tile_29.5000_25.5000/multitemporal_change tile_29.5000_25.5000
  multitemporal_change: 0 candidates (threshold=0.000000e+00)
[scan] multitemporal_change: 0 candidates
[run] /home/clg_98da5933b7a1/venv_cdse/bin/python /home/clg_98da5933b7a1/project-atlantis/scripts/run_scan_type.py /tmp/atlantis_1591_2/atlantis_slurm-1591_2/tile_29.5000_25.5000/stack.tif backscatter_intensity /tmp/atlantis_1591_2/atlantis_slurm-1591_2/tile_29.5000_25.5000/backscatter_intensity tile_29.5000_25.5000
  backscatter_intensity: baseline map written
[scan] backscatter_intensity: 0 candidates
[run] /home/clg_98da5933b7a1/venv_cdse/bin/python /home/clg_98da5933b7a1/project-atlantis/scripts/run_scan_type.py /tmp/atlantis_1591_2/atlantis_slurm-1591_2/tile_29.5000_25.5000/stack.tif speckle_divergence /tmp/atlantis_1591_2/atlantis_slurm-1591_2/tile_29.5000_25.5000/speckle_divergence tile_29.5000_25.5000
  speckle_divergence: 0 candidates (threshold=0.000000e+00)
[scan] speckle_divergence: 0 candidates
[run] /home/clg_98da5933b7a1/venv_cdse/bin/python /home/clg_98da5933b7a1/project-atlantis/scripts/run_scan_type.py /tmp/atlantis_1591_2/atlantis_slurm-1591_2/tile_29.5000_25.5000/stack.tif db_variance /tmp/atlantis_1591_2/atlantis_slurm-1591_2/tile_29.5000_25.5000/db_variance tile_29.5000_25.5000
  db_variance: 0 candidates (threshold=0.000000e+00)
[scan] db_variance: 0 candidates
[run] /home/clg_98da5933b7a1/venv_cdse/bin/python /home/clg_98da5933b7a1/project-atlantis/scripts/run_scan_type.py /tmp/atlantis_1591_2/atlantis_slurm-1591_2/tile_29.5000_25.5000/stack.tif moisture_differential /tmp/atlantis_1591_2/atlantis_slurm-1591_2/tile_29.5000_25.5000/moisture_differential tile_29.5000_25.5000
  moisture_differential: 0 candidates (threshold=0.000000e+00)
[scan] moisture_differential: 0 candidates
[run] /home/clg_98da5933b7a1/venv_cdse/bin/python /home/clg_98da5933b7a1/project-atlantis/scripts/run_scan_type.py /tmp/atlantis_1591_2/atlantis_slurm-1591_2/tile_29.5000_25.5000/stack.tif depolarization_fraction /tmp/atlantis_1591_2/atlantis_slurm-1591_2/tile_29.5000_25.5000/depolarization_fraction tile_29.5000_25.5000
  depolarization_fraction: 0 candidates (threshold=0.000000e+00)
[scan] depolarization_fraction: 0 candidates
[run] /home/clg_98da5933b7a1/venv_cdse/bin/python /home/clg_98da5933b7a1/project-atlantis/scripts/run_scan_type.py /tmp/atlantis_1591_2/atlantis_slurm-1591_2/tile_29.5000_25.5000/stack.tif local_contrast /tmp/atlantis_1591_2/atlantis_slurm-1591_2/tile_29.5000_25.5000/local_contrast tile_29.5000_25.5000
  local_contrast: 0 candidates (threshold=0.000000e+00)
[scan] local_contrast: 0 candidates
[run] /home/clg_98da5933b7a1/venv_cdse/bin/python /home/clg_98da5933b7a1/project-atlantis/scripts/run_scan_type.py /tmp/atlantis_1591_2/atlantis_slurm-1591_2/tile_29.5000_25.5000/stack.tif hotspot_cluster /tmp/atlantis_1591_2/atlantis_slurm-1591_2/tile_29.5000_25.5000/hotspot_cluster tile_29.5000_25.5000
[scan] hotspot_cluster: 0 candidates
[png] Generated 30 previews in /tmp/atlantis_1591_2/atlantis_slurm-1591_2/tile_29.5000_25.5000
[report] tile_29.5000_25.5000: 0 ranked candidates, 0 at max confidence
  -> /tmp/atlantis_1591_2/atlantis_slurm-1591_2/tile_29.5000_25.5000/REPORT.md
  -> /tmp/atlantis_1591_2/atlantis_slurm-1591_2/tile_29.5000_25.5000/top_candidates.geojson
  -> /tmp/atlantis_1591_2/atlantis_slurm-1591_2/tile_29.5000_25.5000/top_candidates.csv
[report] 0 ranked candidates in final report
[copy] /tmp/atlantis_1591_2/atlantis_slurm-1591_2/tile_29.5000_25.5000 -> /home/clg_98da5933b7a1/project-atlantis/results/tile_29.5000_25.5000
[copy] Done. Cleaning workdir.

[done] tile_29.5000_25.5000: 362.47s, 12 images, 18 scan types
[run] git add results/ processed_tiles.jsonl claimed_tiles.jsonl logs/
