==============================================
Atlantis pipeline — Tue Mar 17 02:46:30 UTC 2026
  Tile:     AUTO (batch mode)
  Job ID:   1591_2
  Node:     eureka2
  Project:  /home/clg_98da5933b7a1/project-atlantis
  Workdir:  /tmp/atlantis_1591_2
  Batch sz: 1
==============================================
Activated venv: /home/clg_98da5933b7a1/venv_cdse/bin/python
[run] git add -A
[run] git stash
Saved working directory and index state WIP on main: 54bca35 Results: worker slurm-1591_1 @ 2026-03-17T02:46:22Z
[run] git pull --rebase
[run] git stash pop
On branch main
Your branch is up to date with 'origin/main'.

Changes to be committed:
  (use "git restore --staged <file>..." to unstage)
	modified:   logs/.nfs000000000000e2f9000017fe
	modified:   logs/.nfs000000000000e8ac000017fc
	modified:   logs/.nfs000000000000e8ad000017fb

Changes not staged for commit:
  (use "git add <file>..." to update what will be committed)
  (use "git restore <file>..." to discard changes in working directory)
	modified:   logs/.nfs000000000000e2f9000017fe
	modified:   logs/.nfs000000000000e2fa000017fd

The stash entry is kept in case you need it again.
[run] git add results/ processed_tiles.jsonl claimed_tiles.jsonl logs/
